กพกฐฯภฟอะะกฑตุภํืÜอผกฟ
                                                                   ณคกฤ  กึก่
                                                                   ฐืกฤ  พจษ๑
                                 ธ๊ฑฺฬฒ                            ษฝกฤ  บฃม๚
       ฬ์ษฝกฤกฤกฤกฤ  ก๒       กหกหกหกหกหกห                               กึตบ
                    นþรÜ
                                 ด๓ฒÝิญ        กวกวกวกวกวกวกวกวกวกวณคณว
          กหกหกห             ก๙ก๙ก๙ก๙ก๙ก๙ก๙   กว             ก๏
          กหกหกห           กวกวกวกวกวกวกวกวกวกว       กฤบใษฝ พฉสฆ
          กหกหกห          กฤกฤกฤ                     ฟชทโ
       หþฟหภญยํธษด๓ษณฤฎ  ฦ๎มฌษฝ กึกึกึกึกึกึกึกึกึกึกึก๒กึกึกึปฦบำ
                                ก๒   ึีฤฯษฝ      กฤแิษฝ    กฤฬฉษฝ
                               ภผึÝ    กฤก๒กฤปชษฝ
      ภฅยุษฝกฤกฤกฤกฤ                    ฮ๗ฐฒ
                                             กฤฮไตฑ
 ฯฒกฤกฤ                 กฤกฤ                   ก๒ฯๅั๔      ฝ๐ม๊              กึ
 ยํ กฤกฤ                กฤกฤกึกึกึกึกึกึกึกึกึกึกึกึกึกึกึกึก๒กึก๒กึณคฝญ     ถซ
 ภญ  กฤกฤ               กฤกฤ        ก๒ณษถผ   กÞ                ั๏ึÝ          บฃ
 ัล   กฤกฤ             ด๓ัฉษฝ     กฤถ๋แา   ถดอฅบþ               กÞฬซบþ       กึ
 ษฝ                                         กฤบโษฝ              ก๒บผึÝ     ก่
                                                                         ฬาปจตบ

                            ก๒                 ก๒             ก๒
                           ด๓ภํ               ท๐ษฝ           ศชึÝ

                        กโกโกโ
                      ฮ๗หซฐๆฤษษญมึ          ก่     กึฤฯบฃกึ
                                          ฯภฟอตบ
กฒทฝึÛืำ 1996.8กณ
> help map_link
กกกกกกกกกกกกกกกกกกกกกกกกกกกกกกกกกกกกกกกกกกกกกกกกกกกกกกกกกกกกกกณคฐืษฝกกกก
กกกกกกกกกกกกกกกกกกกกกกกกกกกกกกกกกกกกกกกกกกกกกกกกกกกกกกกกกกกกกกกกฃüกกกกกก
กกกกกกกกกกกกกกกกกกกกกกกกกกกกกกกกกกกกกกกกกกกกกกกกกกกกกกกกกกกกกกกกฃüกกกกกก
กกกกกกกกกกกกกกกกกกกกกกกกกกกกกกกกกกกกกกกกกกกกกกกกกกกกกกกกกกกกกกกกฃüกก
กกกกกกกกกกกกกกกกกกกกกกกกกกฮ๗ฯฤปสนฌกกกกกกกกกกกกกกกกกกกกกกกกกกกกกกฃüกก
กกกกกกกกกกกกกกกกกกกกกกกกกกกกม้ึÝกกกกกกกกกกกกกกกกกกกกกกกกกกกกกกกกฃüกก
กกกกกกามภ็กกกกกกกกกกกกกกกกกกฃüกกกกกกกกกกกกกกกกกกกกกกกกกกกกกกกกกกฃü
กกกกกกกกฃüกกกกกกกกกกกกกกกกกกฃüกกกกกกกกกกกกกกกกกกกกกกกกกกกกกกบีอผฐขภญ
ะวหÞบฃกกฃüกกกกกกกกกกกกกกกกฮ๗ฯฤน๚กกกกกกกกกกกกกกกกกกกกกกกกกกกกกกฃฏกก
กกกกฃÜกกฃüกกกกกกกกกกกกกกกกกกกกฃÜกกกกกกกกกกกกกกกกกกกกกกกกกกกกฃฏกกกก
กกกกกกฮ๗ำ๒กกกกกกกกกกกกกกกกกกกกกกฃÜกกกกกกกกกกกกกกกกกกกกกกกกฃฏกกกก
กกกกฃฏกกฃÜกกกกกกกกกกกกกกกกกกกกกกกกฃüกกกกกกกกกกกกกกกกกกกกฃฏกกกก
ฐือีษฝกกกกฃÜกกกกกกกกกกกกกกกกกกกกกกฃüกกกกกกกกกกกกกกกกกกฃฏกกกกกกกกกก
กกกกกกกกกกฦ๎มฌษฝย๖กกกกกกกกกกกกกกกกฃüกกษูมึหยกกกกกกกกฃฏกกกกกกกก
กกกกกกกกกกกกกกฃÜกกกกกกกกกกกกกกกกกกฃüกกษูสาษฝฃญฃญฤฯั๔ณวกงกงกงกงกงษ๑ม๚ตบ
กกกกกกกกกกกกกกกกฃÜกกกกกกกกกกกกกกกกฃüกกกกกกกกกกกกกกฃüกกกกกกกกกกกกกกกก
กกกกกกกกกกกกกกกกกกฃÜกกกกกกกกกกกกกกฃüกกกกกกกกกกกกกกฃüกกกกกกกกกกกก
กกกกกกกกกกกกกกกกกกภผึÝฃญฃญฃญฃญฃญำภตวณวฃญฃญปฦบำัุฐถฃซฃญฃญฃญฬฉษฝกก
กกกกกกกกกกกกกกกกกกฃฏกกกกกกกกกกกกกกกกกกฃÜกกกกฃÜกกกกฃüกกกกฃฏกกกกกก
กกกกกกกกกกกกกกกกฃฏกกกกกกกกกกกกกกปชษฝกกกกฃÜกกกกฃÜกกฃüกกฃฏกกกกกกกก
กกกกกกกกกกกกกกฃฏกกกกกกกกกกกกกกปชษฝดๅกกกกกกฃÜฃญฃญั๏ึÝณวกกกกกกกกกกกก
กกกกกกกกกกกกฃฏกกกกกกกกกกกกกกกกกกกกฃÜกกกกกกกกกกกกกกฃüกกกกกกกกกก
กกกกกกกกกกฃฏกกกกกกกกกกกกกกกกกกกกกกกกฃÜกกกกกกณคภึฐ๏ฃüน้ิฦืฏกก
กกกกกกกกฃฏกกกกกกกกกกกกกกกกกกกกกกกกกกกกฃÜกกกกกกกกฃÜฃüฃฏกกกกกกกก
กกกกกกด๓ัฉษฝฃญฃญฃญฃญฃญฃญฃญฃญฃญฃญฃญฃญศýฒปนÜฃญฃญฃญาหะหฃญฃญฃญฃญฃญฃญผฮะหกงกงฬาปจตบ
กกกกกกด๓ยึหยกกกกกกกกกกกกกกกกกกกกกกฃฏกกกกฃÜกกกกกกกกกกฃÜกกกกกกกกกกกกฃฏกก
กกกกกกกกกกกกกกกกกกกกกกกกกกกกกกกกฃฏกกกกกกกกฃÜกกกกกกกกกกฃÜกกกกกกกกฃฏ
กกกกกกกกกกกกกกกกกกกกกกกกกกกกกกฃฏฃüกกกกกกกกฃüฃÜกกกกกกกกกกฃÜกกกกฃฏกกกก
กกกกกกกกกกกกกกกกกกกกกกกกกกกกฃฏกกฃüกกกกกกกกฃüกกฃÜกกกกกกกกกกบผึÝณว
กกกกกกกกกกกกกกกกกกกกกกกกกกฃฏกกถ๋แาษฝกกกกฮไตฑษฝกกฃüกกกกกกกกกกฃฏฮ๗บþ
กกกกกกกกกกกกกกกกกกกกกกกกฃฏกกกกกกกกกกกกกกกกกกกกกกฃüกกกกกกกกฃฏกกกกกก
กกกกกกกกกกกกกกกกกกกกกกฃฏกกกกกกกกกกกกกกกกกกกกกกกกฃüกกกกศชึÝณวกก
กกกกกกกกกกกกกกกกกกกกด๓ภํน๚๚กกกกกกกกกกกกกกกกกกกกกฃüกกกกกกฃฏกกกก
กกกกกกกกกกกกกกกกกกกกกกฃÜกกกกกกกกกกกกกกกกกกกกกกกกฃüกกกกฃฏกกกกกกกกกก
กกกกกกกกกกกกกกกกกกกกกกกกฃÜกกกกกกกกกกกกกกกกกกกกกกฃüกกฃฏกกกกกกกก
กกกกกกกกกกกกกกกกกกกกกกกกกกฃÜกกกกกกกกกกกกกกกกกกกกฃüฃฏกกกกกกกกกก
กกกกกกกกกกกกกกกกกกกกกกกกกกกกนใฮ๗ฃญฃญฃญฃญฃญฃญฃญท๐ษฝี๒กกกกกกกกกกกกกก


กกกกกกกกกกกกกกกกกกกกกกกกกกกกกกกกกกกกกกกกกกกกกกกกกกกกกกกกกกกกกกกกกกกก
กกกกกกกกกกกกกกกกกกกกกกกกกกกกกกกกกกกกกกกกกกกกกกกกกกฃผปชษฝดๅฃพกกกกกกกก
กกกกกกกกกกกกกกกกกกกกกกกกกกกกกกกกกกกกกกกกกกกกกกกกกกกกกกฃü
กกกกกกกกกกกกกกกกกกกกกกกกกกกกกกกกกกกกกกกกกกกกกกะกยทฃญะกยทกกกกกกกกกกกกกกกก
กกกกกกกกกกกกกกกกกกกกกกกกกกกกกกกกกกกกกกกกกกกกฃฏกกกกกกกกฃüฃÜกกกกกกกกกก
กกกกกกกกกกกกกกกกกกกกกกกกกกกกกกกกกกศýฒปนÜฃญะกยทกกกกกกะกอมฮÝฃÜกกกกกกกกกกกก
กกกกกกกกกกกกกกกกกกกกกกกกกกกกกกกกฃฏกกกกกกฃÜกกกกกกกกกกกกกกกกฃผาหะหฃพ
กกกกฃผด๓ัฉษฝฃพก๛ษฝยทก๛ะกยทฃญะกยทกกกกกกกกกกปฦอมยทกกกกกกกกกกกกกกกกกกกกกกกกกก
กกกกกกกกกกกกกกกกกกกกกกกกฃüกกกกกกกกกกกกกกกกกกฃüกกฃÜกกกกกกกกกกกกกกกกกกกก
กกกกกกกกกกกกกกกกกกกกกกวเสฏฝืกกฃผฮไตฑษฝฃพฃญปฦอมยทกกฃÜกกกกกกกกกกกกกกกกกกกกกก
กกกกกกกกกกกกกกกกกกกกกกฃฏกกกกกกกกกกกกกกกกกกกกกýกกกกกกฃÜกกกกกกกกกกกกกกกก
กกกกกกยํพวฃญฒÝล๏ฃญวเสฏฝืกกกกกกกกกกกกกกกกมึึะะกยทกกกกกกมึผไตภกกกกกกกกกกกกกก
กกกกกกกกกกกกกกกกกกฃฏกกฃüกกกกกกกกกกกกกกกกกกกกกýกกกกกกกกกกฃüกกกกกกกกกกกก
กกกกกกกกกกกกกกนูตภกกกกฃüกกกกกกกกกกกกกกกกมึึะะกยทกกกกกกมึผได๓ตภกกกกก
กกกกกกกกกกกกกกฃฏกกกกกกกýกกกกกกกกกกกกกกกกกกกกฃüกกกกกกกกกกฃü
กกกกกกกกกกนูตภกกกกฃผถ๋แาษฝฃพกกกกกกกกกกกกกกมึึะฃญมึึะกกมึผได๓ตภฃญฒ่อค
กกกกกกกกกกฃฏกกกกกกกกกกกกกกกกกกกกกกกกกกกกกกะกยทกกะกยทกกกกฃü
กกกกฃผด๓ภํน๚ฑฑฃพกกกกกกกกกกกกกกกกกกกกกกกกกกกกกกกกกกกกกกกกฃü
กกกกกกกกกกกกกกกกกกกกกกกกกกกกกกกกกกฦÝผาฃญฦÝผาฃญย้ฯชฦฬฃญมึผได๓ตภ
กกกกกกกกกกกกกกกกกกกกกกกกกกกกกกกกกกบ๓ิบกกด๓ิบกกกกกýกกกกกกกýกกกกกกกก
กกกกกกกกกกกกกกกกกกกกกกกกกกกกกกกกกกกกกกกกกกกกกกกกษฝว๐กกฃผท๐ษฝี๒ฃพ


กกกกกกกกกกกกกกกกกกกกกกกกกกกกกกกกกกณ๘ทฟกก
กกกกกกกกกกกกกกกกกกกกกกกกกกกกกกกกกกฉฆกก
กกกกกกกกกกะÝฯขสากกกกกกกกกกมทนฆทฟฃญณคภศฃญมทนฆทฟกก
กกกกกกกกกกกกฉฆกกกกกกกกกกกกกกกกกกกกฉฆกก
ปฦาฉสฆพำดฆฃญื฿ภศฃญฃญฃญฃญฃญฃญฃญฃญหฎม๚ะ๙กก
กกกกกกกกกกกกฉฆกกกกกกกกกกกกกกกกกกกกฉฆกก
กกกกกกกกกกาฉทฟกกกกกกกกกกกกกกกกกกกกฉฆกก
กกกกกกกกกกกกกกกกกกกกกกกกกกกกกกกกกกฉฆกกกกกกกกกกกกกกสิฝฃอค
กกกกกกกกกกกกกกกกกกกกกกฯใฺฃฃญฬามึฃญพซษแกก
กกกกกกกกกกกกกกกกกกกกกกกกกกกกกกกกกกฉฆกกกกกก
กกกกกกกกกกกกกกกกกกกกกกกกกกกกกกกกฑฬฒจณุฃญฃญฃญฃญฃญฃญฬýำใสฏกก
กกกกกกกกกกกกกกกกกกกกกกกกกกกกกกกกฃฏกกกกกกกกกกกกกกกกกกฉฆกก
กกกกกกกกกกกกกกกกกกกกกกกกกกกกกกฃฏกกกกกกกกกกยฬึ๑มึฉคยฬึ๑มึกก
กกกกกกกกกกกกกกกกกกกกกกกกกกกกฃฏกกกกกกกกกกกกกกฉฆกก
กกกกกกกกกกกกกกกกกกกกกกกกกกบญฑฬทๅกกกกกกกกกกยฬึ๑มึกกกกกกกกกกกกกกวๅา๔ถดกก
กกกกกกกกกกกกกกกกกกกกกกกกกกกกฉฆกกกกกกกกกกกกกกฉฆกกกกกกกกกกกกกกกกกกกักก
กกกกกกกกกกกกกกกกกกกกกกกกกกหษฐุมึกกกกกกกกกกยฬึ๑มึกกกกกกกกกกกกกกตฏึธทๅกก
กกกกกกกกกกกกกกกกกกกกกกกกกกกกฉฆกกกกกกกกกกกกกกฉฆกกกกกกกกกกกกกกกกกกกüกก
กกกกกกกกกกกกกกกกกกกกกกกกกกหษฐุมึฃญหษฐุมึกกะกอมว๐กกกกกกกกกกกกกกกกษฝยทกก
กกกกกกกกกกกกกกกกกกกกกกกกกกกกกกกกกกกกฉฆกกกกกกฉฆกกกกกกกกกกกกกกกกกกกüกก
กกกกกกกกกกกกกกกกกกสฏี๓ศ๋ฟฺกกสฏถดกกกกฉฆกกกกกกฉฆกกกกกกกกกกกกกกกกกกษฝยทกกกกนÛณฑฬจ
กกกกกกกกกกกกกกกกกกกกฉฆกกกกกกฉฆกกกกกกฉฆกกกกกกฉฆกกกกกกกกกกกกกกกกกกฉฆกกกกกกกกกüกก
กกกกกกกกกกกกกกกกกกกกธÛอๅฃญฃญส๗ดิฃญฃญฒÝตุฃญฃญะกพถฃญส๗ดิฃญส๗ดิฃญดฬฬูส๗ดิฃญฃญบฃฑ๕
กกกกกกกกกกกกกกกกกกกกกกกกกกกกกกกกกกกกกกกกกกกกฉฆกก
กกกกกกกกกกกกกกกกกกกกกกกกกกกกกกกกกกกกกกกกฆืฆืฆืฆืฆืกก
กกกกกกกกกกกกกกกกกกกกกกกกกกกกกกกกกกกกกกกกฆืฬาปจมึฆืกก
กกกกกกกกกกกกกกกกกกกกกกกกกกกกกกกกกกกกกกกกฆืฆืฆืฆืฆืกก
กกกกกกกกกกกกกกกกกกกกกกกกกกกกกกกกกกกกกกกกกกกกฉฆกก
กกกกกกกกกกกกกกกกกกกกกกกกฃผผฮะหฃพกงกงกงกงกงบฃฬฒกก
 กกกกกก
> help map_xiakedao

กกกกกกกกะÝฯขสาฃญ๐ฎตภฃญส้ทฟกกด๓ษฝถด
กกกกกกกกกกกกกกกกฃüกกกกกกกกกกกกฃü
กกกกกกกกกกฦูฒผฃพ๐ฎตภฃญฃญฃญฃญ๐ฎตภ
กกกกกกกกกกกกกกกกฃü
กกกกกกกกกกกกกกกก๐ฎตภฃญำญฑ๖นÝ
กกกกกกกกกกกกกกกกฃü
กกกกกกกกฑ๘ฦ๗ทฟฃญ๐ฎตภฃญฒ่ทฟ
กกกกกกกกกกกกกกกกฃü
กกกกกกกกกกกกกกมทนฆสา


กกกกกกกกกกกกษณฬฒฃญฃญฃญษณฬฒฃญฃญฃญษณฬฒ
กกกกกกกกกกฃฏกกกกกกกกกกกกกกกกกกกกกกกกฃÜ
กกกกกกบฃฑ฿กกกกกกกกกกกกกกกกกกกกะกยทฃญฝธสฏ
กกกกกกฃüกกกกกกฦูฒผฃพ๐ฎตภกกกกกกกกฃüกกกกฃü
กกกกกกฃüกกกกกกกüกกกกกกกกกกกกกกกกฃüกกกกฃü
กกกกกกฃüกกอ๛บฃอคฃญอมยทฃญฒÝตุฃญษฝฝลฯยกกฃü
กกกกกกฃüกกกกกกฃüกกกกกกกกกกกกกกกกกýกกกกฃü
กกกกกกบฃฑ฿ฃญะกยทก๚ษฝยทก๚ษฝถฅก๛ษฝยทกกฝธสฏกกด๓ฝธสฏ
กกกกกกฃüกกกกกกฃüกกกกกกกกกüกกกกกกกกกกกกฃü
กกกกกกฃüกกกกำญฑ๖ฬüกกกกกกาฐมึกกกกกกกกกกฃü
กกกกกกฃüกกกกกกฃüกกกกกกกกฃüกกกกกกกกกกกกฃü
กกกกกกฃüกกกกะกยทกกกกกกบฃตมฮักกกกกกกกกกฃü
กกกกกกบฃฑ฿กกกกฃüกกกกกกกกกกกกกกกกกกกกฝธสฏ
กกกกกกกกกกฃÜกกฃüกกกกกกกกกกกกกกกกกกกกฃฏ
กกกกกกกกกกกกษณฬฒฃญฃญฃญษณฬฒฃญฃญฃญษณฬฒ
กกกกกกกกกกกกกกฃบ
ฃชฃชฃชฃชกกกกกกฃบ
ฃชด๓ยฝฃชกงกงกง
ฃชฃชฃชฃช

************ด๓ภํณวกกกกกกกกกกกกกกกกกกกกกกกก
กกกกกกกกกกกกกกกกกกกกกกกกกกกกกกกกกกฃผด๓ภํน๚ฑฑฃพกก
กกกกกกกกกกกกกกกกกกกกกกกกกกกกกกกกกกกกกกกกฃüกก
กกกกกกกกกกกกกกกกกกกกกกกกฃผด๓ภํน๚ฮ๗ฃพฃญฑฑรลฃญฃผด๓ภํน๚ถซฃพกก
กกกกกกกกกกกกกกกกกกกกกกกกกกกกกกกกกกกกกกกกฃüกก
กกกกกกกกกกกกกกกกกกกกกกกกกกกกกกกกกกกกกกกกฃüกกกกกกกกทจฬรกก
กกกกกกกกกกกกกกกกกกกกกกกกกกกกกกกกกกกกกกกกฃüกกกกกกกกกกฃüกก
กกกกกกกกกกกกกกกกกกกกกกฃผด๓ภํอ๕ธฎฃพฃญฬซบอฝึฟฺฃญฃญฃญถจฐฒธฎกก
กกกกกกกกกกกกกกกกกกกกกกกกกกกกกกกกกกกกกกกกฃüกกกกกกกกกกฃüกก
กกกกกกกกกกกกกกกกกกกกกกกกกกกกกกกกกกกกกกกกฃüกกฯแทฟฃญะกิบฃญฯแทฟกก
กกกกกกกกกกกกกกกกกกกกกกกกกกกกกกกกกกกกกกกกฃüกกกกกกกกกกฃüฃÜกกกก
กกกกกกกกกกกกกกกกกกกกกกกกกกกกกกกกกกกกกกกกฃüกกกกกกกกป๏ทฟ  ฟโทฟกก
กกกกกกกกกกกกกกกกกกกกกกกกกกกกกกกกกกกกกกกกฃüกก
กกกกกกกกกกกกกกกกกกกกกกกกกกกกกกกกกกกกกกกกฃüกกกกกกกกัฆผวณษายฦฬกก
กกกกกกกกกกกกกกกกกกกกกกกกกกกกกกกกกกกกกกกกฃüกกกกกกกกกกกกฃüกก
กกกกกกกกกกกกกกกกกกกกกกวๅณุฃญษ฿นวหþฃญฬซบอฝึฟฺฃญฃญฃญฬซบอถซฝึฃญสฏฦฬกก
กกกกกกกกกกกกกกกกกกกกกกกกกกกกกกกกกกกกกกกกฃüกกกกกกกกกกกกฃüกก
กกกกกกกกกกกกกกกกกกกกกกกกกกกกกกกกกกกกึะะฤนใณกฃญฬซบอพำ าฉฦฬกก
กกกกกกกกกกกกกกกกกกกกกกกกกกกกกกกกกกกกกกกกฃüกก
กกกกกกกกกกกกกกกกกกกกกกกกกกกกอมหพธฎกกกกกกฃüกกกกฐฺาฤืึนÝกก
กกกกกกกกกกกกกกกกกกกกกกกกกกกกกกฃüกกกกกกกกฃüกกกกกกฃüกก
กกกกกกกกกกกกกกกกกกกกกกกกกกกกด๓บอฝึฃญสฎืึยทฟฺฃญด๓บอฝึกก
กกกกกกกกกกกกกกกกกกกกกกกกกกกกกกฃüกกกกกกกกฃüกกกกกกฃüกก
กกกกกกกกกกกกกกกกกกกกกกยํพวฃญฑ๘ำชกกกกกกกกฃüกกกกฐฺาฤร๑พำกก
กกกกกกกกกกกกกกกกกกกกกกกกกกกกกกกกกกกกกกกกฃüกก
กกกกกกกกกกกกกกกกกกกกกกกกกกกกกกกกกกกกกกฤฯรลฃญฃผด๓ภํน๚ถซฃพกก
กกกกกกกกกกกกกกกกกกกกกกกกกกกกกกกกกกกกกกกกฃüกก
กกกกกกกกกกกกกกกกกกกกกกกกกกกกกกกกกกฃผด๓ภํน๚ฤฯฃพ


************ด๓ภํณวฤฯ

กกกกกกกกกกกกกกกกกกกกกกกกกกกกกกกü
กกกกกกกกกกกกกกฃผด๓ภํน๚ฮ๗ฃพก๛ฑฑรลก๚ฃผด๓ภํน๚ถซฃพ
กกกกกกกกกกกกกกกกกกกกกกกกกกกกกกฃü
กกกกกกกกกกกกกกกกกกกกกีกีกีกีกีกีกีกีกีกีกีกก
กกกกกกกกกกกกกกกกกกกกกีกกกกกกกกกกกกกกกกกกกีกกกกกก
กกกกฃผด๓ภํน๚ฮ๗ฃพกกกกกีกกด๓กกกกภํกกกกณวกกกีกกกกกกกกกกกกกกกกกก
กกกกกกกกฃüกกกกกกกกกกกีกกกกกกกกกกกกกกกกกกกีกกกกกกกกกกกกกกกกกกกกกกกกกกกก
กกกกกกษฝยทกกกกกกกกกกกีกีกีกีกีกีกีกีกีกีกีกกกกกกกกกกกกกกกกกกกกกกกกกกกก
กกกกฃฏกกกกกกกกกกกกกกกกกกกกกกกกฃüกกกกกกกกกกกกกกกกกกกกกกกกกกกกกกกกกกกกกกกก
ษฝยทกกกกฃผฮๅปชยฅฃพกกกกกกกกกกฤฯรลก๚ฃผด๓ภํน๚ถซฃพกกกกกกกกกกกกกกกกกกกกกกกก
กกกกฃÜกกกกกüกüกกกกกกกกกกกกกกกกฃüกกกกกกกกกกกกกกกกกกกกกกกกกกกกกกกกกกกกกกกก
กกกกษฝยทฃญนลตภฃญยฬำ๑ฯชัุฐถฃญหซบืวลกกกกกกกกกกกกกกกกกกกกกกกกกกกกกกกกกกกกกก
กกกกกกกกกกกกกกกกกกกกกกกกกกกกกกฃüกกฃÜกกกกกกกกกกกกกกกกกกกกกกกกกกกกกกกกกก
กกกกกกกกกกกกกกกกกกกกกกกกกกกกด๓ยทกกฃผนใฮ๗ฃพกกกกกกกกกกกกกกกกกกกกกกกกกกกกกก
กกกกกกกกกกกกกกกกกกกกกกกกกกกกกกฃüกกกกกกกกกกกกกกกกกกกกกกกกกกกกกกกกกกกกกกกก
กกกกกกกกกกกกกกกกกกกกกกกกกกกกฬ์อþพถกกกกกกกกกกกกกกกกกกกกกกกกกกกกกกกกกกกก
กกกกกกกกกกกกกกกกกกกกกกกกกกกกกกฃüกกกกกกกกกกกกกกกกกกกกกกกกกกกกกกกกกกกกกกกก
กกกกกกกกกกกกกกกกกกกกกกกกกกกกฯฒึÝณวฃญฟอต๊กกกกกกกกกกกกกกกกกกกกกกกกกกกกกกกก
กกกกกกกกกกกกกกกกกกกกกกกกกกฃฏกกฃüกกกกกกกกกกด๓ึ๑ยฅกกกกกกกกกกกกกกกกกกกกกกกกกกกก
กกกกกกกกกกกกึ๑ยฅฯยกกึ๑มึะกยทกกฃüกกกกกกกกกกกกฃüกกกกกกกกกกกกกกกกกกกกกกกกกกกกกก
กกกกกกกกกกกกกกฃüกกกกฃฏกกกกกกๅ๚ภ๖บþลฯฃญฃญฃญยณอ๛ี๒ฃญ้ลส๗ำ๊มึกกกกกกกกกก
กกกกกกวเึ๑มึฃญฮไถจี๒กกกกกกกกกกกกกกฃÜกกกกกกกกฃüกกกกกกกกกกกกกกกกกกกกกกกก
กกกกกกกกกกกกกกฃüกกกกกกๅ๚ภ๖บþฤฯฐถกกๅ๚ภ๖บþถซกกหฎฬ๏กกกกกกกกกกกกกกกกกกกกกกกกกกกกกก
กกกกกกกกกกกกกกลฉฬ๏กกกกกกกกกกฃüกกกกฃฏกกฃüกกกกกกกกกกกกกกกกกกกกกกกกกกกกกกกก
กกกกกกกกกกกกกกกกกกกกกกำๆผาฃญบำฮ๗ี๒กกม๚ฟฺณวกกกกกกกกกกกกกกกกกกกกกกกกกกกกกกกก
กกกกกกกกกกกกกกกกกกกกกกกกกกกกฃüกกกกกกกกกกกกกกกกกกกกกกกกกกกกกกกกกกกกกกกกกก
กกกกกกกกกกกกกกกกกกกกกกกกกกึ๑มึษ๎ดฆกกกกกกกกกกกกกกกกกกกกกกกกกกกกกกกกกกกกกก
กกกกกกกกกกกกกกกกกกกกกกกกกกกกกกกกกกกกกกกกกกกกกกกกกกกกกกกกกกกกกกกกกกกกกก
************ฮๅปชยฅ


กกกกกกกกกกกกฟอทฟกกกกกกกกน๓ฑ๖สากกกกน๓ฑ๖ทฟ
กกกกกกกกกกกกกüกüกกกกกกกกกüกüกกกกกกกüกü
กกกกกกกกกกกกื฿ภศฃญื฿ภศฃญื฿ภศฃญฃญฃญื฿ภศ
กกกกกกกกกกกกกกกกกกกกกüกกกกกกกกกกกกกกกกกกกกกกกกกกกกกกกก
กกกกกกกกกกกกกกกกกกยฅฬÝกกกกกกกกกกกกกกกกกกกกกกกกกกกกกกกกกกกกกกกก
กกกกกกกกกกกกกกกกกกกกฃüกกกกกกกกกกกกกกกกกกกกกกกกกกกกกกกก
กกกกกกกกกกกกกกกกกกด๓ฬüกกกกกกกกกกกกกกกกกกกกกกกกกกกกกกกกกกกกกกกกกกกกกกกกกกกกกกกกกก
กกกกกกกกกกกกกกกกกกกýกýกกกกกกกกกกกกกกกกกกกกกกกกกกกกกกกกกก
กกกกกกกกกกกกกกฃผด๓ภํน๚ฤฯฃพกกกกกกกกกกกกกกกกกกกกกกกกกกกกกกกกกกกกกกกกกกกก



************ด๓ภํณวถซ


                   ถพทไ
กกกฤฃผด๓ภํน๚ฑฑฃพกกกกฃüกกกกกกฒ่กกกกสฏฟฬพญดฑกกตแณุกกกกกกกกกกกกกกกกกก
กกด๓กกกกกüกกกกกกกกกกฒ่กกฒ่กกปจกกกกกกกกกกกüกกฃüกกกกกกกกกกกกกกกกกกกกกกกก
กกภํก๛ฑฑรลฃญฒ่ปจษฝก๚ปจฃญปจก๛ษฝกกด๓กกษฝกกฝ๐กกัุกกัุกกัุกกกกกกกกกกกกกกกกกก
กกน๚กกกกฃüกกกกกกกกกกษฝกกษฝกกฤฯฃÜตþกกว๘กกึญกกณุกกณุกกณุกกกกกกกกกกกกกก
กกฮ๗กกกกฃüกกกกกกกกกกฃüกกกกกกกกกกหฎก๚ะกฃญบำฃญตฬก๚ตฬฃญตฬกกกกกกกกกกกก
กกกลกกกกฃüกกกกกกกกฒ่ปจษฝกกกกกกกกฦูกกพถกกลฯกกฐถกกฐถกกฐถฃÜยÞกกกกกกกกกกกกกกกกกกกกลฉฬ๏ฃญด๓ธหภธ
กกกกกีกีกีกีกีกกกกกกกกำ๑ะ้นÛกกกกฒผกกกกกกกกกกกกกกกกกกกกกกูคฃญลฉฃญลฉกกกกกกกกกกกกฃฏ
กกกกกีกกกกกกกีกกกกกกกกกกฃüกกกกกกกüกกกกกกฑฬกกกกัุกกกกตแฃฏต้กกฬ๏กกฬ๏ฃÜกกกกกกกกั๔
กกกกกีด๓ภํณวกีกกกกกกำ๑ะ้นÛวฐกกวๅฯชศýฬถก๚ผฆก๛ฃญณุฃญฃญณุกกกกกกฃüกกกกกกษฝก๚ษฝก๛ืฺกกกก
กกกกกีกกกกกกกีกกกกกกกกกกฃüกกกกกกกüกกกกกกษฝกกกกะกกกกกัุกกกกธหภธกกกกกกยทกกยทกกี๒กกกก
กกกกกีกีกีกีกีกกกกกกกกบ๛ต๛ศชฃญมึา๑ะกตภกกถฅกกกกยทกกกกฐถกกกกกกกกกกกกกกกกกกกกฃฏกý
กกกกกกกกฃüกกกกกกกกกกกกกกกกกกกกกกฃüกกกกกกกกกกกกกกกกกกกกกกกกกกกกกกกกกกกกรÜมึกกษฃมึ
กกกกกกกกฃüกกกกกกกกกกกกกกกกกกกกบฺม๚ม๋กกกกกกกกกกกกกกกกกกกกกกกกกกกกกกกกกกกý
กกกกกกกกฃüกกกกกกกกกกกกกกกกกกฃฏกกฃüกกกกกกกกกกกกกกกกกกกกกกกกกกกกกกกกมึึะษฝฝงกกลฉฬ๏
กกกกกกฤฯรลฃญฃญฃญฃญฃญมึผไะกตภกกส๗มึอโกกกกกกกกกกกกกกกกกกกกกกกกกกกกกกกกกกกüกกกกฃü
กกกกกกกกกýกกกกกกกกกกกกกกกกกกกกกกฃüกกกกกกกกกกกกกกกกกกกกกกกกกกกกกกกกกกฐ๋ษฝฃญฒฝะÛฒฟฃญั๘ฒฯทฟ
กกกกฃผด๓ภํน๚ฤฯฃพกกกกกกกกกกฆืฆืฆืฆืฆืฆืกกกกกกกกกกกกกกกกกกกกกกกกกกกกกกึ๑มึกกกกฃü
กกกกกกกกกกกกกกกกกกกกกกกกกกฆืรินฌส๗มึฆืกกกกกกกกกกกกกกกกกกกกกกกกกกกกกกกกกกะวิฦบþลฯก๚ำ๑ฯผษฝ
กกกกกกกกกกกกกกกกกกกกกกกกกกฆืฆืฆืฆืฆืฆืกก

************ด๓ภํณวฮ๗

กกกกกกกกกกบำฑ฿ฃญบำษฯก๚ฃผด๓ภํน๚ฑฑฃพ
กกกกกกกกกกฃü
กกกกกกกกกกษฝมึกกกกกกกกกกกกกกกกกกกกกกกกกกกกกกกกกกกกกกกกกกกกกกกกกกกก
กกผภ์๋กกกกกüกกกกกกกกกกกกกกกกกกกกกกกกกกกกกกกกกกกกกกกกกกกกกกกกกกกกกก
กกด๓ฮÝกกธ๐ยณณวฃญรÛฤษต้กกกกกกกกกกกกกกกกกกกกกกกกกกกกกกกกกกกกกกกกกกกก
กกกüกüกกกกฃüกกฃฏกกกกกกกกกกกกกกกกกกกกกกกกกกกกกกกกกกกกกกกกกกกกกกกกกก
ฮฺาฤร๑พำฃญี๒ะÛฃญฬÝฬ๏กกกกกกกกกกกกกกกกกกกกกกกกกกกกกกกกฃผด๓ภํน๚ฑฑฃพกกกกกก
กกกกกกกกกกฃüกกกกกกกกกกกกกกกกกกกกกกกกกกกกกกกกกกกกกกกกกกกกกüกกกกกกกก
กกกกกกกกฐอตฤต้ก๚ถซใ๒หฎบำนศก๚ฑฬยÞัฉษฝก๛ษฝยทฃญฃญษฝยทฃญฃญฑฑรลก๚ฃผด๓ภํน๚ถซฃพ
กกกกกกกกกกฃüกกกกกกกกกกกกกกกกกกกกกกกกกกกกฃüกกกกกกกกกกกกกกฃüกกกกกกกกกกกก
ธ฿กกธ฿กกใ๒หฎัุฐถกกกกกกกกกกกกกกกกกกกกกกกกฃüกกกกกกกกกกกีกีกีกีกีกกกกกกกกกกกกกกกกกก
ภ่กกภ่กกกกฃüกกกกกกกกกกกกกกกกกกกกกกกกกกกกกýกกกกกกกกกกกีด๓ภํณวกีกกกกกกกกกกกกกก
ษฝฃญษฝก๛ฐขอทฒฟกกกกกกกกกกกกกกกกกกกกกกฃผด๓ภํน๚ฤฯฃพกกกกกีกีกีกีกีกกกกกกกกกกกกกก
รÜกกถซกกกกกกกกฃÜกกกกกกกกกกกกกกกกกกกกกกกกกกกกกกกกกกกกกกกกฃüกกกกกกกก
มึกกฦยกกกกกกกกาืฯชฒฟฃญฑฬยÞษฝฯยกกกกกกกกกกกกกกกกกกกกกกกกฤฯรลก๚ฃผด๓ภํน๚ถซฃพกก
กกกกกกกกกกกกกกกกฃüกกกกกกกกกกกกกกกกกกกกกกกกกกกกกกกกกกกกกกกýกกกกกกกก
กกกกกกกกกกกกกกกกร๑พำกกกกกกกกกกกกกกกกกกกกกกกกกกกกกกกกฃผด๓ภํน๚ฤฯฃพกก
กกกกกกกกกกกกกกกกกกกกกกกกกกกกกกกกกกกกกกกกกกกกกกกกกกกกกกกกกกกกกกกกกก

************ด๓ภํณวฑฑ
กกกกกกกกกกกกกกกกกกกกกกกกกกกกกกกกกกกกกกกกกกกกกกกกกกกกกกกกกกกกกกกกกกกกกก
กกกกกกกกกกกกกกกกกกกกด๓ถษบำฑ฿กกฮฺาฤร๑พำกกกกกกกกกกกกกกกกกกกกกกกก
กกกกกกกกกกกกกกกกกกกกกกกýกกกกกกกกฃüกกกกกกกกกกกกกกกกกกกกกกกกกกกกกก
กกกกกกกกกกกกกกกกกกกกฮฺลชณวฃญฃญฮฺรษดๅยไฃญดๅอโฒÝฦยกกกกกกกกกกกกกก
กกกกกกกกกกกกกกกกกกกกกกกüกกกกกกกกฃüกกกกกกกกกกกกกกกกกกกกกกกกกกกกกก
กกกกกกกกกกกกกกกกกกกกดจฮ๗ษฝยทกกฮฺาฤร๑พำกกกกกกกกกกกกกกกกกกกกกก
กกกกกกกกกกกกกกกกกกกกกกฃüกกกกกกกกกกกกกกึฅิฦถดกกบอฤฆศüกกกกกกกกกกกกกกกกกกกก
กกกกกกกกกกกกกกกกกกกกฝฃดจษฝฟฺกกกกภ๎ืำ๓ไกกกüกüฃฏสฏมึกกกกกกกกกกกกกกกกกกกกกกกกกกกก
กกกกกกกกกกกกกกกกกกกกกกฃüกกกกกกกกกกสฏมึฃญณคบþกกกกกกกกกกกกกกกกกกกกกกกกกก
กกกกกกกกกกกกกกกกกกกกฝฃดจี๒กกกกกกกกกกกกกกกüกกกกกกกกกกกกกกกกกกฃผศýฒปนÜฃพ
กกกกกกกกกกกกกกกกกกกกกกฃüกกกกกกกกกกกกกกยทฤฯสฏมึกกกกกกกกกกกกกกฃฏกกกกกกกก
กกกกกกกกกกกกกกกกกกกกฒิษฝึะฒฟกกกกกกกกกกกกฃüกกกกกกกกกกกกกกกกนูตภ
กกกกกกกกกกกกกกกกกกกกกกฃฏกกฃÜกกกกกกกกกกกกฒิษฝฃญบ๊สฅกกกกกกฃฏ
กกกกกกกกกกกกกกกกกกกกฃฏกกกกกกฃÜกกกกกกกกกกฃฏกกกกหยหþกกนูตภกกกกกกกกกก
กกกกกกกกกกกกกกกกกกฃฏกกกกกกกกกกฃÜกกกกกกฃฏกกกกกกกกกกกกฃüกกกกกกกกกกกกกกกก
ฃผด๓ภํน๚ฮ๗ฃพฃญฒิษฝษฝยทกกกกกกกกกกฯยนุณวกกกกกกกกฤฯฺฏตยปฏฑฎกกกกกกกกกก
กกกกกกกกกกกกกกกกกกกกกกกกกกกกกกกกกกฃüกกกกกกกกกกกกฃüกกกกกกกกกกกกกกกกกกกก
กกกกกกกกกกกกกกกกกกกกกกกกกกกกกกกกถýหฎวลกกกกกกฬซบอณวกกกกกกกกกกกกกกกกกก
กกกกกกกกกกกกกกกกกกกกกกกกกกกกกกกกกกกกฃÜกกกกกกฃüกกกกก
กกกกกกกกกกกกกกกกกกกกกกกกกกกกกกกกกกกกกกด๓ภํณวฑฑกกกกกกกกกกกกกกกกกกกก
กกกกกกกกกกกกกกกกกกกกกกกกกกกกกกกกกกกกกกกกฃü
กกกกกกกกกกกกกกกกกกกกฃผด๓ภํน๚ฮ๗ฃพฃญฃญฃญฃญฑฑรลก๚ฃผด๓ภํน๚ถซฃพ
กกกกกกกกกกกกกกกกกกกกกกกกกกกกกกกกกกกกกกกกฃü
กกกกกกกกกกกกกกกกกกกกกกกกกกกกกกกกกกกกกีกีกีกีกีกกกกกกกกกกกกกกกกกก
กกกกกกกกกกกกกกกกกกกกกกกกกกกกกกกกกกกกกีด๓ภํณวกี                กกกกกกกกกกกกก
กกกกกกกกกกกกกกกกกกกกกกกกกกกกกกกกกกกกกีกีกีกีกีกก
กกกกกกกกกกกกกกกกกกกกกกกกกกกกกกกกกกกกกกกกฃü
กกกกกกกกกกกกกกกกกกกกกกกกกกกกกกกกกกกกกกกกฤฯรลก๚ฃผด๓ภํน๚ถซฃพ
กกกกกกกกกกกกกกกกกกกกกกกกกกกกกกกกกกกกกกกกกýกกกกกกกกกกกกกกกกกกกกกกกกกกกก
กกกกกกกกกกกกกกกกกกกกกกกกกกกกกกกกกกกกฃผด๓ภํน๚ฤฯฃพ

************ด๓ภํอ๕ธฎ
กกกกกกกกกกกกกกกกกกกกกกกกกกกกกกกกกกกกกกกกกกกกกกกกกก
กกกกกกกกกกกกด๓ษฝสฏกกหฏทฟฃญส้ทฟกกส้ทฟกกฒ่ปจิบกกกก
กกกกกกกกกกกกกกกกกกฃÜกกกกฃÜกกกกฃฏกกกกกกกกฃüกก
กกกกกกกกกกกกกกกกกกกกฬüทฟฃญฯแทฟกกกกกกกกฒ่ปจิบฃญฒ่ปจิบฃญฒ่ปจิบกก
กกกกกกกกกกกกกกกกกกกกกกฃüกกกกกกกกกกกกกกกกกกกกกกกกฃüกก
กกกกกกกกกกกกกกกก๐ฎยทฃญ๐ฎยทกกกกกกกกกกกกกกกกกกกกฒ่ปจิบกก
กกกกกกกกกกกกกกกกกกฃÜกกกกกกกกกกกกกกกกกกกกกกกกกกฃฏ  ฃÜกก
กกกกกกกกกกณะนโฑฺฃญด๓ต๎กกกกกกกกกกกกกกกกกกกกฒ่ปจิบกกฒ่ปจิบกก
กกกกกกกกกกกกกกกกกกกกฃüกกกกกกกกกกกกกกกกกกกกกกกกฃÜกกฃฏกก
กกกกกกกกกกนÛร๎อคฃญสฏฐๅยทฃญล็หฎณุฃญฒ่ปจิฐศ๋ฟฺก๚ฒ่ปจิฐกก
กกกกกกกกกกกกกกกกกกกกฃüกก
กกกกกกกกกกหพยํฬรกกกกฃüกกกกกกกกกกกกกกกกกกกกกกกกกกกกกกกกกก
กกกกกกกกกกกกฃüกกกกกกฃüกกกกกกกกกกกกกกกกกกกกกกกกกกกกกกกกกก
กกหพฟีฬรฃญธฎัรวฐฬüฃญวฐิบก๛อ๕ธฎด๓รลฃญฃผด๓ภํณวฃพกกกกกกกกกกกกกกกกกกกกกกกกกก
กกกกกกกกกกกกฃüกกกกกกกกกกกกกกกกกกกกกกกกกกกกกกกกกกกกกกกกกกกก
กกกกกกกกกกหพอฝฬรกกกกกกกกกกก
